// Jest Snapshot v1, https://goo.gl/fbAQLP

exports[`App should render successfully 1`] = `
<body>
  <div>
    <div
      style="background-color: red;"
    >
      <h1
        style="color: rgb(255, 255, 255);"
      >
        Hello from Electron!
      </h1>
    </div>
  </div>
</body>
`;
