// Jest Snapshot v1, https://goo.gl/fbAQLP

exports[`Button component should render successfully 1`] = `
<body>
  <div>
    <button
      type="button"
    >
      Click me!
    </button>
  </div>
</body>
`;
